// Jest Snapshot v1, https://goo.gl/fbAQLP

exports[`Header should match snapshot 1`] = `
.emotion-4 {
  box-sizing: border-box;
  margin: 0;
  min-width: 0;
  width: 100%;
  max-width: container;
  margin-left: auto;
  margin-right: auto;
  max-width: 1024px;
  margin-left: auto;
  margin-right: auto;
  padding-top: 1rem;
  padding-bottom: 1rem;
  padding-left: 2rem;
  padding-right: 2rem;
}

.emotion-3 {
  box-sizing: border-box;
  margin: 0;
  min-width: 0;
  display: -webkit-box;
  display: -webkit-flex;
  display: -ms-flexbox;
  display: flex;
}

.emotion-0 {
  box-sizing: border-box;
  margin: 0;
  min-width: 0;
  color: inherit;
  -webkit-text-decoration: none;
  text-decoration: none;
  font-weight: 700;
  display: inline-block;
  font-family: -apple-system,BlinkMacSystemFont,"Segoe UI",Roboto,"Helvetica Neue",Arial,"Noto Sans",sans-serif,"Apple Color Emoji","Segoe UI Emoji","Segoe UI Symbol","Noto Color Emoji";
  padding: 0.5rem;
  padding-left: 0;
}

.emotion-0:hover,
.emotion-0:focus,
.emotion-0.active {
  color: var(--theme-ui-colors-primary,hsl(243,94%,70%));
}

.emotion-1 {
  box-sizing: border-box;
  margin: 0;
  min-width: 0;
  color: inherit;
  -webkit-text-decoration: none;
  text-decoration: none;
  font-weight: 700;
  display: inline-block;
  font-family: -apple-system,BlinkMacSystemFont,"Segoe UI",Roboto,"Helvetica Neue",Arial,"Noto Sans",sans-serif,"Apple Color Emoji","Segoe UI Emoji","Segoe UI Symbol","Noto Color Emoji";
  padding: 0.5rem;
}

.emotion-1:hover,
.emotion-1:focus,
.emotion-1.active {
  color: var(--theme-ui-colors-primary,hsl(243,94%,70%));
}

.emotion-2 {
  box-sizing: border-box;
  margin: 0;
  min-width: 0;
  -webkit-appearance: none;
  -moz-appearance: none;
  appearance: none;
  display: inline-block;
  text-align: center;
  line-height: inherit;
  -webkit-text-decoration: none;
  text-decoration: none;
  font-size: inherit;
  padding-left: 1rem;
  padding-right: 1rem;
  padding-top: 0.5rem;
  padding-bottom: 0.5rem;
  color: var(--theme-ui-colors-white,#fff);
  background-color: var(--theme-ui-colors-primary,hsl(243,94%,70%));
  border: 0;
  border-radius: 4px;
  font-weight: 600;
  cursor: pointer;
  margin-left: auto;
}

.emotion-2:hover {
  background-color: var(--theme-ui-colors-primaryHover,hsl(245,92%,60%));
  box-shadow: 0 1px 3px 0 rgba(0,0,0,0.1),0 1px 2px 0 rgba(0,0,0,0.06);
}

<div>
  <header
    class="emotion-4"
  >
    <nav
      class="emotion-3"
    >
      <a
        class="emotion-0"
        href="/"
      >
        Home
      </a>
      <a
        class="emotion-1"
        href="/style"
      >
        Style Guide
      </a>
      <button
        class="emotion-2"
      >
        Toggle 
        Light
      </button>
    </nav>
  </header>
</div>
`;
